
> anisphere@0.1.0 build
> next build

▲ Next.js 16.3.0 (Turbopack)
✓ Running next.config.ts took 340ms

  Creating an optimized production build ...
✓ Compiled successfully in 2.1s
  Running TypeScript ...
  Finished TypeScript in 2.2s ...
  Collecting page data using 7 workers ...
  Generating static pages using 7 workers (0/9) ...
  Generating static pages using 7 workers (2/9) 
  Generating static pages using 7 workers (4/9) 
  Generating static pages using 7 workers (6/9) 
✓ Generating static pages using 7 workers (9/9) in 2.9s
  Finalizing page optimization ...

Route (app)                     Revalidate  Expire
┌ ○ /                                  30m      1y
├ ○ /_not-found
├ ƒ /anime/[id]
├ ƒ /api/diag
├ ƒ /api/stream
├ ƒ /browse
├ ƒ /character/[id]
├ ○ /favorites
├ ƒ /random
└ ƒ /watch/[animeId]/[episode]


ƒ Proxy (Middleware)

○  (Static)   prerendered as static content
ƒ  (Dynamic)  server-rendered on demand

